\BOOKMARK [1][-]{section.1}{\376\377\000I\000n\000t\000r\000o\000d\000u\000c\000t\000i\000o\000n}{}% 1
\BOOKMARK [1][-]{section.2}{\376\377\000n\000o\000n\000-\000L\000a\000t\000e\000k\000\050\000a\000n\000d\000\040\000s\000o\000u\000r\000c\000e\000\040\000f\000o\000r\000\040\000o\000t\000h\000e\000r\000\040\000s\000o\000l\000u\000t\000i\000o\000n\000s\000\051}{}% 2
\BOOKMARK [2][-]{subsection.2.1}{\376\377\000M\000a\000k\000i\000n\000g\000\040\000I\000n\000v\000a\000r\000i\000a\000n\000t\000s}{section.2}% 3
\BOOKMARK [2][-]{subsection.2.2}{\376\377\000P\000r\000o\000b\000l\000e\000m\000\040\0002\0000}{section.2}% 4
\BOOKMARK [2][-]{subsection.2.3}{\376\377\000P\000r\000o\000b\000l\000e\000m\000\040\0002\0001}{section.2}% 5
\BOOKMARK [2][-]{subsection.2.4}{\376\377\000P\000r\000o\000b\000l\000e\000m\000\040\0002\0002}{section.2}% 6
\BOOKMARK [2][-]{subsection.2.5}{\376\377\000P\000r\000o\000b\000l\000e\000m\000\040\0002\0003}{section.2}% 7
\BOOKMARK [2][-]{subsection.2.6}{\376\377\000P\000r\000o\000b\000l\000e\000m\000\040\0002\0004}{section.2}% 8
\BOOKMARK [2][-]{subsection.2.7}{\376\377\000P\000r\000o\000b\000l\000e\000m\000\040\0002\0005}{section.2}% 9
\BOOKMARK [2][-]{subsection.2.8}{\376\377\000P\000r\000o\000b\000l\000e\000m\000\040\0002\0006}{section.2}% 10
\BOOKMARK [2][-]{subsection.2.9}{\376\377\000P\000r\000o\000b\000l\000e\000m\000\040\0002\0007}{section.2}% 11
\BOOKMARK [2][-]{subsection.2.10}{\376\377\000P\000r\000o\000b\000l\000e\000m\000\040\0002\0008}{section.2}% 12
\BOOKMARK [2][-]{subsection.2.11}{\376\377\000P\000r\000o\000b\000l\000e\000m\000\040\0002\0009}{section.2}% 13
\BOOKMARK [2][-]{subsection.2.12}{\376\377\000P\000r\000o\000b\000l\000e\000m\000\040\0003\0000}{section.2}% 14
\BOOKMARK [2][-]{subsection.2.13}{\376\377\000P\000r\000o\000b\000l\000e\000m\000\040\0003\0001}{section.2}% 15
\BOOKMARK [2][-]{subsection.2.14}{\376\377\000P\000r\000o\000b\000l\000e\000m\000\040\0003\0002}{section.2}% 16
\BOOKMARK [2][-]{subsection.2.15}{\376\377\000P\000r\000o\000b\000l\000e\000m\000\040\0003\0003}{section.2}% 17
\BOOKMARK [2][-]{subsection.2.16}{\376\377\000P\000r\000o\000b\000l\000e\000m\000\040\0003\0004}{section.2}% 18
\BOOKMARK [2][-]{subsection.2.17}{\376\377\000P\000r\000o\000b\000l\000e\000m\000\040\0003\0005}{section.2}% 19
\BOOKMARK [2][-]{subsection.2.18}{\376\377\000P\000r\000o\000b\000l\000e\000m\000\040\0003\0006}{section.2}% 20
\BOOKMARK [2][-]{subsection.2.19}{\376\377\000P\000r\000o\000b\000l\000e\000m\000\040\0003\0007}{section.2}% 21
\BOOKMARK [2][-]{subsection.2.20}{\376\377\000P\000r\000o\000b\000l\000e\000m\000\040\0003\0008}{section.2}% 22
\BOOKMARK [2][-]{subsection.2.21}{\376\377\000P\000r\000o\000b\000l\000e\000m\000\040\0003\0009}{section.2}% 23
\BOOKMARK [2][-]{subsection.2.22}{\376\377\000P\000r\000o\000b\000l\000e\000m\000\040\0004\0000}{section.2}% 24
\BOOKMARK [2][-]{subsection.2.23}{\376\377\000P\000r\000o\000b\000l\000e\000m\000\040\0004\0000}{section.2}% 25
\BOOKMARK [2][-]{subsection.2.24}{\376\377\000P\000r\000o\000b\000l\000e\000m\000\040\0004\0002}{section.2}% 26
\BOOKMARK [2][-]{subsection.2.25}{\376\377\000P\000r\000o\000b\000l\000e\000m\000\040\0004\0003}{section.2}% 27
\BOOKMARK [2][-]{subsection.2.26}{\376\377\000P\000r\000o\000b\000l\000e\000m\000\040\0004\0004}{section.2}% 28
\BOOKMARK [2][-]{subsection.2.27}{\376\377\000P\000r\000o\000b\000l\000e\000m\000\040\0004\0005}{section.2}% 29
\BOOKMARK [2][-]{subsection.2.28}{\376\377\000P\000r\000o\000b\000l\000e\000m\000\040\0004\0006}{section.2}% 30
\BOOKMARK [2][-]{subsection.2.29}{\376\377\000P\000r\000o\000b\000l\000e\000m\000\040\0004\0007}{section.2}% 31
\BOOKMARK [2][-]{subsection.2.30}{\376\377\000P\000r\000o\000b\000l\000e\000m\000\040\0004\0008}{section.2}% 32
\BOOKMARK [2][-]{subsection.2.31}{\376\377\000P\000r\000o\000b\000l\000e\000m\000\040\0004\0009}{section.2}% 33
\BOOKMARK [2][-]{subsection.2.32}{\376\377\000P\000r\000o\000b\000l\000e\000m\000\040\0005\0000}{section.2}% 34
\BOOKMARK [2][-]{subsection.2.33}{\376\377\000P\000r\000o\000b\000l\000e\000m\000\040\0005\0001}{section.2}% 35
\BOOKMARK [2][-]{subsection.2.34}{\376\377\000P\000r\000o\000b\000l\000e\000m\000\040\0005\0002}{section.2}% 36
\BOOKMARK [2][-]{subsection.2.35}{\376\377\000P\000r\000o\000b\000l\000e\000m\000\040\0005\0003}{section.2}% 37
\BOOKMARK [2][-]{subsection.2.36}{\376\377\000P\000r\000o\000b\000l\000e\000m\000\040\0005\0004}{section.2}% 38
\BOOKMARK [2][-]{subsection.2.37}{\376\377\000P\000r\000o\000b\000l\000e\000m\000\040\0005\0005}{section.2}% 39
\BOOKMARK [2][-]{subsection.2.38}{\376\377\000P\000o\000r\000b\000l\000e\000m\000\040\0005\0006}{section.2}% 40
\BOOKMARK [2][-]{subsection.2.39}{\376\377\000P\000r\000o\000b\000l\000e\000m\000\040\0005\0007}{section.2}% 41
\BOOKMARK [2][-]{subsection.2.40}{\376\377\000P\000r\000o\000b\000l\000e\000m\000\040\0005\0008}{section.2}% 42
